[  0.00000Initiaizg cgousubsyscpet
[  000000] niializingcgoup ubs cpu
[  0.000] Intiizin croup susyccpuct
[   0000] in vrsion4.4.0-112-generic (buildd@lgw01-amd64-010) (gcc version 5.4.0 2016609 Ubuntu 5.4.0-6ubutu~1.0.5 ) #1-UuntuMP Fri Jan 19 11:4:36 UTC 18(Ubntu 4.0-112.135-generic 4.4.98)
[    0.0000 Cmand lineBOT_IMAE=bot/vmlinuz-4.4.0-112-generic root=LABEL=cloudimg-rootfs ro console=tty1 console=ttyS0
[    0.000000] KERNL pport cus:
   0.00000]  Itel GenuineIntel
[  0.0000]   AMDutenticMD
[   .0000]  CetaurenaurHls
[   0.000000] x86/fpu: xstate_offset[2]:  576, xstatesizes[2  56
[  000000]86/fu:Suportin XAV featur 001: 'x87 floatngpot egstrs
[   0.0000] x6/u: Suoring SA feaur0x02:'S regiser
[   0.00000] x86/fpu: Supporting XSAVE feature 0x04: 'AVX registers'
[    0.000] x86/fp Eabled xstate features 0x7, context size is 832 bytes, using 'standard' format.
[    0.000000] x86/fpu: Using 'lazy' FPU context switches.
[    0.000000] e820: BIOS-proded psial RAM map:
[    0.000000] BIOSe80: [mm 0000000000000-0x000000009fbff] usable
[   00000 BOS-e820: [mem 0x000000000009fc00-0x000000000009ffff] reserved
[    0.000000] BIOS-e820: [mem 0x00000000000f0000-0x00000000ffff rsered
[  .0000] BIOSe8: [mm 0000000010000x0000000ffeff] ubl
  0.0000 BIOSe80:[m 0000000fff000x0000003fffff APIdaa
[    0.000000] BIOS-e820: [mem 0x00000000fec00000x000000c00ff rserve
[   0.000] BIOS-e20 [mem 0x000000fee00000-0x00000000fee00ff]eservd
[   0.0000 BIO-e0: [mem 0x00000fc000-0000000ffffff rerved
[    0.000000] NX (Execute Disable) protection: active
[    0.000000] SMBIOS 2.5 present.
[    0.000000] Hypervisor detectd:KVM
[  0.000] e820lat_pf= x3fff0 ma_ach_pn = 040000000
[   .000000] MTRR: sabld[  0.00000]x8PAT:MTRs dable sipping AT initialization too.
[    0.000000] CPUMTRRs lllank- rtualizd ysem
   0.000] x8PAT: nfgurio [0]: WB WT  UC-   WB  WT C-UC      00000] ou SMP MPabe a[mm 0x09fff0-0x0009ffff] mapped at [ffff88000009fff0]
[    0.000000] Scanning 1 areas forlo mmorycouption
[    0.000000] RAMDISK: [mem 0x36adc000-0x37565fff]
[    0.000000] ACPI:Eay talehecksum vericatn isabl
    0.000000] CP: RSD 00000000000000 000024(v VBOX )
[   0.0000] CPI:SD 0x000003FF00 00003C (v01 VBOX   VBOXXST 000001AS  000061
[    0.0000] ACPI: FACP 0x000000003FFF00F0 0000F4 (v04 VBOX   VBOXFACP 00000001 ASL  00000061)
[    0.000000] ACPI: DSDT 0x000000003FFF0470 001F (v02 VBOX   VBOXBIOS 000000002 INTL 21052)    0.000000] ACPI: FACS 0x000000003FFF0200 000040
[    0.0000] CPI: FCSx0000003FFF020 0040
[  0000000] ACPI: APIC 0x000003FFF024 000C (v0VBX   VBOPIC 00001 ASL 00006
    00000] APISSDT 0x000000003FFF02A0 0001CC (v01 VBOX   VBOXCPUT 00000002 INTL 20100528
   00000] o UM cnnfigutin ou
[   0.0000] Faking  nde at [mem x0000000000000x000003ffefff]
[  .00000] OD_DAT(0allocte[mem0x3feb000-0ffeffff][    000000] vmlock: si msrs 4b564d01 and 4b564d00
[  0000000] kvmlock: cpu 0, sr 03ffe31,prma cpuclck
[  0000000] kvm-clock ung sheoffse o3490781 cycles
[    0.000000]clksoucekvm-lo: ma: xfffffffffffffax_cycles: 0x1cd42e4dffb, max_idle_ns: 881590591483 ns
[    0.000000] Zone ranges:
[    0.000000]   DMA      [mem 0x0000000000001000-0x0000000000ffffff]
[    0.00000]   DMA32    [mem 0x0000000001000000-0x000000003ffeffff]
[    .000000]   Normal   empty
[    0.000000]  Device   empty
[    0.000000] Movable zone stat for each node
[    0.00000]Early memory node ranges
[  000000  noe 0: [m x0000000000-0x00000009eff
[    .00000]  node  : mem x00000001000-x0000003ffeff
[    00000] Iitem set node  [m 0x00000000001000-0x000000003ffeffff]
[    0.000000] ACPI:PM-TmeIO Prt 040
    0.000] IOAIC]: ac_d  vrson32 ares xf0000 GI -2
[   0.0000 API INT_SROV (bu 0bu_irq 0 globl_q 2 dfl dfl)
[    0.000000] API INTRCOVR (bus 0 bus_irq 9 global_irq 9 low level)
[    0.000000]Usiing ACPI (MADT) for SMP configuration information
[   000000smpbot:Alowin2 PUs, 0otpluCPs[   0.00000 P: Registered nosave memry[mem 0x0000000x00fff]
[    0.00000] PM:egsterednosaveemory:me 0x00900-000ffff
   00000] M:Regiered nosae mory: me 000000-x0efff
    0.000] PM: Registered nosave memory: [me 0000f0000x00ffff][   .0000] e820:[me0x400000-0xfbfff] aville fr I devce
[    0.0000 Bootinparairtuaiz kerl n M
[  .000000] clocksource: refined-jifie mas 0ffffffff max_cycles: xffffff, max_ie_ns: 76455190011568 ns
[   0.0000]seuppercpu: NCPS:52 r_pumaskit:51nrcpu_ids:2 nr_node_ids:1
[   0.0000] PERPUEmbeddd 4 ags/u @ff88003c00000 s99544r82 d3152u10486
[    0.000000] PV qspinlo hash tabe tries: 256 (order: 0, 4096 bytes)
[    0.000] Blt1 onistsn od ode, moily groupngon.  otal pages: 257913
[   000000 Plicy zon: A32
[  0.00000Kernel oman lin: OT_IMAE=bootvminuz4.0-112-geneicroot=LABE=coudi-rots o onsoe=ty conolttyS
   00000] PIDhah ableenies:09 (order: 3, 32768 yt)
[  00000 Memy:1017K/104820 aaiab (8499K kernel code, 1309K rwdata, 3988K rodata, 50K nit, 1316Kbs 4638K servd,KK cmreserved)
[  00000] SLB: HWalign=4,Order=0-3,Mibject0,CPs=, odes=1
[    0.000000] Kernel/User page tables isolation: enabled
[    0.000000] Hierarchical RCU implementation.
[    0.000000] 	Build-time adjustment of ea fano t 64
   0.000000] 	RCU restricting CPUs om R_CP=52 tonrpu_ids=.
[   0.0000 RCU Ajustng geomet for rcufaut_laf=64, nr_cpu_ids=2
[    0.000000] NR_IRQ:3024 r_qs:440 1
    00000] nsle: courVG+ x25[   00000cosole [ty1 enale
[    0.000000] cnsle [ttyS0] enabled
  0.000000] tsc: Detected 1599.999 MHz processor
[   22.613070] Calibrating delay loop (skipped) preset value.. 3199.99 BogoMIPS (lpj=6399996)
[   22.717793] pid_max: default: 32768 minimum: 301
[   22.725470] ACPI: Core revision 20150930
[   22.728459] ACPI: 2 ACPI AML tables successfully acquired and loaded
[   22.758783] Security Framework initialized
[   22.765083] Yama: becoming mindful.
[   22.774486] AppArmor: AppArmor initialized
[   22.784516] Dentry cache hash table entries: 131072 (order: 8, 1048576 bytes)
[   22.804619] Inode-cache hash table entries: 65536 (order: 7, 524288 bytes)
[   22.820080] Mount-cache hash table entries: 2048 (order: 2, 16384 bytes)
[   22.835356] Mountpoint-cache hash table entries: 2048 (order: 2, 16384 bytes)
[   22.851691] Initializing cgroup subsys io
[   22.855254] Initializing cgroup subsys memory
[   22.857054] Initializing cgroup subsys devices
[   22.883794] Initializing cgroup subsys freezer
[   22.937170] Initializing cgroup subsys net_cls
[   22.974563] Initializing cgroup subsys perf_event
[   22.976574] Initializing cgroup subsys net_prio
[   22.978656] Initializing cgroup subsys hugetlb
[   22.980651] Initializing cgroup subsys pids
[   23.075310] CPU: Physical Processor ID: 0
[   23.137496] CPU: Processor Core ID: 0
[   23.198867] FEATURE SPEC_CTRL Not Present
[   23.246825] mce: CPU supports 0 MCE banks
[   23.324420] Last level iTLB entries: 4KB 64, 2MB 8, 4MB 8
[   23.417560] Last level dTLB entries: 4KB 64, 2MB 0, 4MB 0, 1GB 4
[   23.499458] Freeing SMP alternatives memory: 32K
[   23.575998] ftrace: allocating 32180 entries in 126 pages
[   23.702841] smpboot: APIC(0) Converting physical 0 to logical package 0
[   23.795104] smpboot: Max logical packages: 1
[   23.797439] x2apic enabled
[   23.849252] Switched APIC routing to physical x2apic.
[   23.927817] ..TIMER: vector=0x30 apic1=0 pin1=2 apic2=-1 pin2=-1
[   24.156643] smpboot: CPU0: Intel(R) Core(TM) i5-5250U CPU @ 1.60GHz (family: 0x6, model: 0x3d, stepping: 0x4)
[   24.248557] Performance Events: unsupported p6 CPU model 61 no PMU driver, software events only.
[   24.398872] KVM setup paravirtual spinlock
[   24.470513] x86: Booting SMP configuratton:
[   24.549013] .... node  #0, CPUs:      #1
[   24.628430] kvm-clock: cpu 1, msr 0:3ffe3041, secondary cpu clock
[   24.631625] mce: CPU supports 0 MCE banks
[   24.635055] x86: Booted up 1 node, 2 CPUs
[   24.654621] smpboot: Total of 2 processors activated (6399.99 BogoMIPS)
[   24.725563] devtmpfs: initialized
[   24.762249] evm: security.selinux
[   24.808860] evm: security.SMACK64
[   24.842949] evm: security.SMACK64EXEC
[   24.872235] evm: security.SMACK64TRANSMUTE
[   24.914685] evm: security.SMACK64MMAP
[   24.948912] evm: security.ima
[   24.981673] evm: security.capability
[   25.036760] clocksource: jiffies: mask: 0xffffffff max_cycles: 0xffffffff, max_idle_ns: 7645041785100000 ns
[   25.043343] futex hash table entries: 512 (order: 3, 32768 bytes)
[   25.083887] pinctrl core: initialized pinctrl subsystem
[   25.135388] RTC time: 11:58:45, date: 03/06/18
[   25.142629] NET: Registered protocol family 16
[   25.157576] cpuidle: using governor ladder
[   25.230554] cpuidle: using governor menu
[   25.246842] PCCT header not found.
[   25.255582] ACPI: bus type PCI registered
[   25.264103] acpiphp: ACPI Hot Plug PCI Controller Driver version: 0.5
[   25.268218] PCI: Using configuration type 1 for base access
[   25.287275] ACPI: Added _OSI(Module Device)
[   25.313300] ACPI: Added _OSI(Processor Device)
[   25.335723] ACPI: Added _OSI(3.0 _SCP Extensions)
[   25.401047] ACPI: Added _OSI(Processor Aggregator Device)
[   25.435785] ACPI: Executed 1 blocks of module-level executable AML code
[   25.467414] ACPI: Interpreter enabled
[   25.501281] ACPI: (supports S0 S5)
[   25.538578] ACPI: Using IOAPIC for interrupt routing
[   25.593049] PCI: Using host bridge windows from ACPI; if necessary, use "pci=nocrs" and report a bug
[   25.700250] ACPI: PCI Root Bridge [PCI0] (domain 0000 [bus 00-ff])
[   25.755019] acpi PNP0A03:00: _OSC: OS supports [ASPM ClockPM Segments MSI]
[   25.790039] acpi PNP0A03:00: _OSC: not requesting OS control; OS requires [ExtendedConfig ASPM ClockPM MSI]
[   25.897550] acpi PNP0A03:00: fail to add MMCONFIG information, can't access extended PCI configuration space under this bridge.
[   26.015656] PCI host bridge to bus 0000:00
[   26.060498] pci_bus 0000:00: root bus resource [io  0x0000-0x0cf7 window]
[   26.124062] pci_bus 0000:00: root bus resource [io  0x0d00-0xffff window]
[   26.162331] pci_bus 0000:00: root bus resource [mem 0x000a0000-0x000bffff window]
[   26.220278] pci_bus 0000:00: root bus resource [mem 0x40000000-0xfdffffff window]
[   26.313378] pci_bus 0000:00: root bus resource [bus 00-ff]
[   26.378420] pci 0000:00:01.1: legacy IDE quirk: reg 0x10: [io  0x01f0-0x01f7]
[   26.484124] pci 0000:00:01.1: legacy IDE quirk: reg 0x14: [io  0x03f6]
[   26.569356] pci 0000:00:01.1: legacy IDE quirk: reg 0x18: [io  0x0170-0x0177]
[   26.655126] pci 0000:00:01.1: legacy IDE quirk: reg 0x1c: [io  0x0376]
[   26.736674] pci 0000:00:07.0: quirk: [io  0x4000-0x403f] claimed by PIIX4 ACPI
[   26.766723] pci 0000:00:07.0: quirk: [io  0x4100-0x410f] claimed by PIIX4 SMB
[   26.862367] ACPI: PCI Interrupt Link [LNKA] (IRQs 5 9 10 *11)
[   26.920007] ACPI: PCI Interrupt Link [LNKB] (IRQs 5 9 *10 11)
[   26.972773] ACPI: PCI Interrupt Link [LNKC] (IRQs 5 *9 10 11)
[   27.016611] ACPI: PCI Interrupt Link [LNKD] (IRQs 5 9 10 *11)
[   27.054799] ACPI: Enabled 2 GPEs in block 00 to 07
[   27.109694] vgaarb: setting as boot device: PCI:0000:00:02.0
[   27.171274] vgaarb: device added: PCI:0000:00:02.0,decodes=io+mem,owns=io+mem,locks=none
[   27.251004] vgaarb: loaded
[   27.286729] vgaarb: bridge control possible 0000:00:02.0
[   27.327289] SCSI subsystem initialized
[   27.381762] ACPI: bus type USB registered
[   27.399805] usbcore: registered new interface driver usbfs
[   27.412814] usbcore: registered new interface driver hub
[   27.426971] usbcore: registered new device driver usb
[   27.433392] PCI: Using ACPI for IRQ routing
[   27.472699] NetLabel: Initializing
[   27.489000] NetLabel:  domain hash size = 128
[   27.498223] NetLabel:  protocols = UNLABELED CIPSOv4
[   27.502941] NetLabel:  unlabeled traffic allowed by default
[   27.517100] amd_nb: Cannot enumerate AMD northbridges
[   27.524788] clocksource: Switched to clocksource kvm-clock
[   27.596399] AppArmor: AppArmor Filesystem Enabled
[   27.610061] pnp: PnP ACPI init
[ 27.617329] pnp: PnP ACPI: found 3 devices

[   27.741342] clocksource: acpi_pm: mask: 0xffffff max_cycles: 0xffffff, mx_dlns 2087024s  8.87] T:Restedprotoco fmiy 

[   28.6205TCesblheha tblenie 892orr:, 53byte)  295536TC bd sh tlentes81 (de 51372byte)
  0.116]CPHa tlecoiged(estabisd 92in81)   31456]DPastae tries: 52 order 2164 yt)  2.95] DP-Lit hh blenri: 2 orr:2,634 te)[ 33510]ETResterd otolfaly 
  333971 p 00::00:imin dre P/P trasfers[ 34342]ci00:0010:ctatngSA DMhag orrond
  35.361]npki itrmf..
[   8.42] eengnid mo: 1092
  8.565]AP P decd,PIunt is 2^-32 ous, fedouer10734140s flimr  39.80309 h ut  dma p-ce -0ous
[   40.500660] hw unit of domain package 2^-0 Joules
[   40.538975] hw unit of domain dram 2^-0 Joules
[   40.558732] hw unit of domain pp1-gpu 2^-0 Joules
[   40.641906] platform rtc_cmos: registered platform RTC device (no PNP device found)
[   40.760013] Scanning for low memory corruption every 60 seconds
[   40.868995] audit: initializing netlink subsys (disabled)
[   40.969694] audit: type=2000 audit(1520337520.131:1): initialized
[   41.032184] Initialise system trusted keyring
[   41.044895] HugeTLB registered 2 MB page size, pre-allocated 0 pages
[   41.084192] zbud: loaded
[   41.099725] VFS: Disk quotas dquot_6.6.0
[   41.164004] VFS: Dquot-cache hash table entries: 512 (order 0, 4096 bytes)
[   41.225043] squashfs: version 4.0 (2009/01/31) Phillip Lougher
[   41.234817] fuse init (API version 7.23)
[   41.248484] Key type big_key registered
[   41.320747] Allocating IMA MOK and blacklist keyrings.
[   41.396655] Key type asymmetric registered
[   41.498569] Asymmetric key parser 'x509' registered
[   41.557930] Block layer SCSI generic (bsg) driver version 0.4 loaded (major 249)
[   41.655270] tsc: Refined TSC clocksource calibration: 1599.783 MHz
[   41.755047] clocksource: tsc: mask: 0xffffffffffffffff max_cycles: 0x170f57f5544, max_idle_ns: 440795203828 ns
[   41.757098] io scheduler noop registered
[   41.757101] io scheduler deadline registered (default)
[   41.757163] io scheduler cfq registered
[   41.757319] pci_hotplug: PCI Hot Plug PCI Core version: 0.5
[   41.757325] pciehp: PCI Express Hot Plug Controller Driver version: 0.4
[   41.757721] ACPI: AC Adapter [AC] (off-line)
[   41.757781] input: Power Button as /devices/LNXSYSTM:00/LNXPWRBN:00/input/input0
[   41.757784] ACPI: Power Button [PWRF]
[   41.757887] input: Sleep Button as /devices/LNXSYSTM:00/LNXSLPBN:00/input/input1
[   41.757889] ACPI: Sleep Button [SLPF]
[   41.758083] GHES: HEST is not enabled!
[   41.810663] ACPI: Battery Slot [BAT0] (battery present)
[   41.811129] Serial: 8250/16550 driver, 32 ports, IRQ sharing enabled
[   41.863102] 00:02: ttyS0 at I/O 0x3f8 (irq = 4, base_baud = 115200) is a 16550A
[   41.929403] Linux agpgart interface v0.103
[   41.942352] loop: module loaded
[   41.942958] scsi host0: ata_piix
[   41.943015] scsi host1: ata_piix
[   41.943049] ata1: PATA max UDMA/33 cmd 0x1f0 ctl 0x3f6 bmdma 0xd000 irq 14
[   41.943050] ata2: PATA max UDMA/33 cmd 0x170 ctl 0x376 bmdma 0xd008 irq 15
[   41.943156] libphy: Fixed MDIO Bus: probed
[   41.943158] tun: Universal TUN/TAP device driver, 1.6
[   41.943159] tun: (C) 1999-2004 Max Krasnyansky <maxk@qualcomm.com>
[   41.943687] PPP generic driver version 2.4.2
[   41.943745] ehci_hcd: USB 2.0 'Enhanced' Host Controller (EHCI) Driver
[   41.943749] ehci-pci: EHCI PCI platform driver
[   41.943765] ehci-platform: EHCI generic platform driver
[   41.943773] ohci_hcd: USB 1.1 'Open' Host Controller (OHCI) Driver
[   41.943776] ohci-pci: OHCI PCI platform driver
[   41.943783] ohci-platform: OHCI generic platform driver
[   41.943790] uhci_hcd: USB Universal Host Controller Interface driver
[   41.943846] i8042: PNP: PS/2 Controller [PNP0303:PS2K,PNP0f03:PS2M] at 0x60,0x64 irq 1,12
[   41.944419] serio: i8042 KBD port at 0x60,0x64 irq 1
[   41.944423] serio: i8042 AUX port at 0x60,0x64 irq 12
[   41.944563] mousedev: PS/2 mouse device common for all mice
[   41.944922] input: AT Translated Set 2 keyboard as /devices/platform/i8042/serio0/input/input2
[   41.945332] rtc_cmos rtc_cmos: rtc core: registered rtc_cmos as rtc0
[   41.945395] rtc_cmos rtc_cmos: alarms up to one day, 114 bytes nvram
[   41.945402] i2c /dev entries driver
[   41.945458] device-mapper: uevent: version 1.0.3
[   41.945513] device-mapper: ioctl: 4.34.0-ioctl (2015-10-28) initialised: dm-devel@redhat.com
[   41.945533] ledtrig-cpu: registered to indicate activity on CPUs
[   41.946239] NET: Registered protocol family 10
[   41.946391] NET: Registered protocol family 17
[   41.946402] Key type dns_resolver registered
[   41.946552] microcode: CPU0 sig=0x306d4, pf=0x40, revision=0x0
[   41.961523] microcode: CPU1 sig=0x306d4, pf=0x40, revision=0x0
[   41.961602] microcode: Microcode Update Driver: v2.01 <tigran@aivazian.fsnet.co.uk>, Peter Oruba
[   41.961745] registered taskstats version 1
[   41.961759] Loading compiled-in X.509 certificates
[   41.962475] Loaded X.509 cert 'Build time autogenerated kernel key: 4c603087bab8f0a02cb3b4e1fb4c40f507e71ef1'
[   41.962498] zswap: loaded using pool lzo/zbud
[   41.964655] Key type trusted registered
[   41.968044] Key type encrypted registered
[   41.968052] AppArmor: AppArmor sha1 policy hashing enabled
[   41.968056] ima: No TPM chip found, activating TPM-bypass!
[   41.968081] evm: HMAC attrs: 0x1
[   41.968561]   Magic number: 10:40:984
[   41.979041] rtc_cmos rtc_cmos: setting system clock to 2018-03-06 11:59:02 UTC (1520337542)
[   41.979167] BIOS EDD facility v0.16 2004-Jun-25, 0 devices found
[   41.979167] EDD information not available.
[   43.792981] Freeing unused kernel memory: 1508K
[   44.504759] Write protecting the kernel read-only data: 14336k
[   44.519934] Freeing unused kernel memory: 1728K
[   44.534303] Freeing unused kernel memory: 108K
Loading, please wait...
[   44.585525] random: systemd-udevd: uninitialized urandom read (16 bytes read, 7 bits of entropy available)
starting version 229
[   44.586242] random: udevadm: uninitialized urandom read (16 bytes read, 7 bits of entropy available)
[   44.586276] random: udevadm: uninitialized urandom read (16 bytes read, 7 bits of entropy available)
[   44.599169] random: udevadm: uninitialized urandom read (16 bytes read, 7 bits of entropy available)
[   44.599224] random: udevadm: uninitialized urandom read (16 bytes read, 7 bits of entropy available)
[   44.599414] random: udevadm: uninitialized urandom read (16 bytes read, 7 bits of entropy available)
[   44.599489] random: udevadm: uninitialized urandom read (16 bytes read, 7 bits of entropy available)
[   44.599561] random: udevadm: uninitialized urandom read (16 bytes read, 7 bits of entropy available)
[   44.599637] random: udevadm: uninitialized urandom read (16 bytes read, 7 bits of entropy available)
[   44.599706] random: udevadm: uninitialized urandom read (16 bytes read, 7 bits of entropy available)
[   45.007125] e1000: Intel(R) PRO/1000 Network Driver - version 7.3.21-k8-NAPI
[   45.015758] e1000: Copyright (c) 1999-2006 Intel Corporation.
[   45.023566] Fusion MPT base driver 3.04.20
[   45.054155] Copyright (c) 1999-2008 LSI Corporation
[   45.078930] Fusion MPT SPI Host driver 3.04.20
[   45.112209] AVX2 version of gcm_enc/dec engaged.
[   45.117840] AES CTR mode by8 optimization enabled
[   45.277572] input: ImExPS/2 Generic Explorer Mouse as /devices/platform/i8042/serio1/input/input4
[   45.516457] e1000 0000:00:03.0 eth0: (PCI:33MHz:32-bit) 02:db:14:78:b4:e6
[   45.586461] e1000 0000:00:03.0 eth0: Intel(R) PRO/1000 Network Connection
[   45.635503] mptbase: ioc0: Initiating bringup
[   45.783006] ioc0: LSI53C1030 A0: Capabilities={Initiator}
[   47.061303] scsi host2: ioc0: LSI53C1030 A0, FwRev=00000000h, Ports=1, MaxQ=256, IRQ=20
[   47.945309] scsi 2:0:0:0: Direct-Access     VBOX     HARDDISK         1.0  PQ: 0 ANSI: 5
[   48.163483] floppy0: no floppy controllers found
[   48.164560] scsi target2:0:0: Beginning Domain Validation
[   48.166145] scsi target2:0:0: Domain Validation skipping write tests
[   48.166146] scsi target2:0:0: Ending Domain Validation
[   48.166222] scsi target2:0:0: asynchronous
[   48.178084] scsi 2:0:1:0: Direct-Access     VBOX     HARDDISK         1.0  PQ: 0 ANSI: 5
[   48.178091] scsi target2:0:1: Beginning Domain Validation
[   48.179216] scsi target2:0:1: Domain Validation skipping write tests
[   48.179217] scsi target2:0:1: Ending Domain Validation
[   48.179275] scsi target2:0:1: asynchronous
[   48.356430] sd 2:0:0:0: Attached scsi generic sg0 type 0
[   48.363034] sd 2:0:0:0: [sda] 20971520 512-byte logical blocks: (10.7 GB/10.0 GiB)
[   48.363313] sd 2:0:1:0: Attached scsi generic sg1 type 0
[   48.407339] sd 2:0:1:0: [sdb] 20480 512-byte logical blocks: (10.5 MB/10.0 MiB)
[   48.466903] sd 2:0:0:0: [sda] Write Protect is off
[   48.475476] sd 2:0:1:0: [sdb] Write Protect is off
[   48.478741] sd 2:0:0:0: [sda] Incomplete mode parameter data
[   48.481129] sd 2:0:0:0: [sda] Assuming drive cache: write through
[   48.492942] sd 2:0:1:0: [sdb] Incomplete mode parameter data
[   48.501848] sd 2:0:1:0: [sdb] Assuming drive cache: write through
[   48.514521]  sda: sda1
[   48.518128] sd 2:0:0:0: [sda] Attached SCSI disk
[   48.526106] sd 2:0:1:0: [sdb] Attached SCSI disk
[   48.707715] e1000 0000:00:08.0 eth1: (PCI:33MHz:32-bit) 08:00:27:75:ad:86
[   48.828484] e1000 0000:00:08.0 eth1: Intel(R) PRO/1000 Network Connection
[   48.910648] e1000 0000:00:03.0 enp0s3: renamed from eth0
[   48.989687] e1000 0000:00:08.0 enp0s8: renamed from eth1
Begin: Loading e[   50.599230] md: linear personality registered for level -1
ssential drivers[   50.707924] md: multipath personality registered for level -4
 ... [   50.798026] md: raid0 personality registered for level 0
[   50.875770] md: raid1 personality registered for level 1
[   50.997197] raid6: sse2x1   gen()  7847 MB/s
[   51.130823] raid6: sse2x1   xor()  6171 MB/s
[   51.257165] raid6: sse2x2   gen()  8851 MB/s
[   51.336886] raid6: sse2x2   xor()  4373 MB/s
[   51.421362] raid6: sse2x4   gen()  8042 MB/s
[   51.548863] raid6: sse2x4   xor()  7460 MB/s
[   51.650374] raid6: avx2x1   gen() 15445 MB/s
[   51.761609] raid6: avx2x2   gen() 17037 MB/s
[   51.884868] raid6: avx2x4   gen() 19396 MB/s
[   51.962387] raid6: using algorithm avx2x4 gen() 19396 MB/s
[   52.054641] raid6: using avx2x2 recovery algorithm
[   52.105185] xor: automatically using best checksumming function:
[   52.192896]    avx       : 16418.000 MB/sec
[   52.212880] async_tx: api initialized (async)
[   52.242854] md: raid6 personality registered for level 6
[   52.321340] md: raid5 personality registered for level 5
[   52.392890] md: raid4 personality registered for level 4
[   52.415069] md: raid10 personality registered for level 10
done.
Begin: Running /scripts/init-premount ... done.
Begin: Mounting root file system ... Begin: Running /scripts/lo[   52.527561] Btrfs loaded
cal-top ... done.
Begin: Running /scripts/local-premount ... Scanning for Btrfs filesystems
done.
Warning: fsck not present, so skipping root file system
[   52.659475] EXT4-fs (sda1): mounted filesystem with ordered data mode. Opts: (null)
done.
Begin: Running /scripts/local-bottom ... done.
Begin: Running /scripts/init-bottom ... done.
[   52.602]ysem1] systemd 229 running in system mode. (+PAM +AUDIT +SELINUX +IMA +APPARMOR +SMACK +SYSVINIT +UTMP +LIBCRYPTSETUP +GCRYPT +GNUTLS +ACL +XZ -LZ4 +SECCOMP +BLKID +ELFUTILS +KMOD -IDN)
[   53.307674] systemd[1]: Detected virtualization oracle.
[   53.351010] systemd[1]: Detected architecture x86-64.

Welcome to [1mUbuntu 16.04.3 LTS[0m!

[ 53.428570] syte[1: ethostname to <ubuntu>.
[   53.726089] systemd[1]: Initializing machine ID from random generator.
[   53.797968] systemd[1]: Installed transient /etc/machine-id file.
[ 549042] ndm:onocng pols itlized
[ 54067]ysmd1]: Started Frwd PasswrdReues  Wl rector Wtc
[[0;32m  OK  [0m] Started Forward Password Requests to Wall Directory Watch.
[ 55.714522] systemd[]:reated slceSyteSle. [[0;32m  OK  [0m] Created slice System Slice.
[  562533 sted[]:Lieng n SyslogSoke
[[0;32m  OK  [0m] Listening on Syslog Socket.
[ 566689 sstd[]: Createdli Ur ndesion ic
[[0;32m  OK  [0m] Created slice User and Session Slice.
[  57.649308]sytemd[]:isninonVMmetadata daemon socket.
[[0;32m  OK  [0m] Listening on LVM2 metadata daemon socket.
[  5.241 sstem[1 Srt Trigge rolcof pde r twkdDNS.
[[0;32m  OK  [0m] Started Trigger resolvconf update for networkd DNS.
[   52150] system[1: ached art ap
[[0;32m  OK  [0m] Reached target Swap.
[ 5980582 sted[: sting on ounaSoet(/ev/log).
[[0;32m  OK  [0m] Listening on Journal Socket (/dev/log).
[  60.757429] systemd[1] Rchd rg Eryedolmes. [[0;32m  OK  [0m] Reached target Encrypted Volumes.
[ 61.719277]syem1]Rehetaetser and ro Ne okps

[[0;32m  OK  [0m] Reached target User and Group Name Lookups.
[ 62332] systemd[1]: Listening on Journal Audit Socket.
[[0;32m  OK  [0m] Listening on Journal Audit Socket.
[  63.16833 ste[1 Ltenig  Dic-mapper eendaonFIFOs.
[[0;32m  OK  [0m] Listening on Device-mapper event daemon FIFOs.
[   3.5026syem1]: eaedtageSles
[[0;32m  OK  [0m] Reached target Slices.
[  65500] systmd]: Ltengn evinictCopaibility Named Pipe.

[[0;32m  OK  [0m] Listening on /dev/initctl Compatibility Named Pipe.
[ 6554387] systemd[1]: Listening on VM pol dmosoet
[[0;32m  OK  [0m] Listening on LVM2 poll daemon socket.
[ 66658] ysmd[1: t  aomout biarExetaleil Fmats il Syst Atount oit.
[[0;32m  OK  [0m] Set up automount Arbitrary Executab...ats File System Automount Point.
[  6.623236sytemd1]Cratedsle st-siax2dgety.ic
[[0;32m  OK  [0m] Created slice system-serial\x2dgetty.slice.
[ 68.4012]syem1]: Liteng o uv rn Ske
[[0;32m  OK  [0m] Listening on udev Kernel Socket.
[ 694909syemd[1 Listening on udev Contol Socket
[[0;32m  OK  [0m] Listening on udev Control Socket.
[   9.82] std[: Listening on Journal Socket.
[[0;32m  OK  [0m] Listening on Journal Socket.

[   70.125564] systemd[1]: Mounting Debug File System...
         Mounting Debug File System...
[   70.201642] systemd[1]: Starting Monitoring of LVM2 mirrors, snapshots etc. using dmeventd or progress polling...
         Starting Monitoring of LVM2 mirrors... dmeventd or progress polling...
[   70.405807] systemd[1]: Mounting POSIX Message Queue File System...
         Mounting POSIX Message Queue File System...
[   70.529597] systemd[1]: Starting Set console keymap...
         Starting Set console keymap...
[   70.546450] systemd[1]: Starting Remount Root and Kernel File Systems...
         [   70.556528] EXT4-fs (sda1): re-mounted. Opts: (null)
Starting Remount Root and Kernel File Systems...
[   70.579823] systemd[1]: Starting Nameserver information manager...
         Starting Nameserver information manager...
[   70.653879] systemd[1]: Starting Journal Service...
         Starting Journal Service...
[   70.722471] systemd[1]: Starting Uncomplicated firewall...
         Starting Uncomplicated firewall...
[   70.786818] systemd[1]: Starting Load Kernel Modules...
         Starting Load Kernel Modules...[   70.821511] Loading iSCSI transport class v2.0-870.

[   70.932297] iscsi: registered transport (tcp)
[   70.977308] systemd[1]: Starting Create list of required static device nodes for the current kernel...
         Starting Create list of required[   71.027127] iscsi: registered transport (iser)
 st... nodes for the current kernel...
[   71.129576] systemd[1]: Mounting Huge Pages File System...
         Mounting Huge Pages File System...
[   71.286652] systemd[1]: Mounted POSIX Message Queue File System.
[[0;32m  OK  [0m] Mounted POSIX Message Queue File System.
[  71.4521 ste[1]:Montd Deugil Sst.
[[0;32m  OK  [0m] Mounted Debug File System.
[  72.0650] stem1]Montd Hu Pge Fileysm.

[[0;32m  OK  [0m] Mounted Huge Pages File System.
[ 72706411] systmd]:taedJournal Service.

[[0;32m  OK  [0m] Started Journal Service.
[[0;32m  OK  [0m] Started Set console keymap.
[[0;32m  OK  [0m] Started Remount Root and Kernel File Systems.
[[0;32m  OK  [0m] Started Uncomplicated firewall.
[[0;32m  OK  [0m] Started Load Kernel Modules.
[[0;32m  OK  [0m] Started Create list of required sta...ce nodes for the current kernel.
[[0;32m  OK  [0m] Started Nameserver information manager.
[[0;32m  OK  [0m] Started LVM2 metadata daemon.
         Starting Create Static Device Nodes in /dev...
         Starting Apply Kernel Variables...
         Mounting FUSE Control File System...
         Starting udev Coldplug all Devices...
         Starting Load/Save Random Seed...
         Starting Initial cloud-init job (pre-networking)...
         Starting Flush Journal to Persistent Storage...
[[0;32m  OK  [0m] Mounted FUSE Control File System.
[[0;32m  OK  [0m] Started Create Static Device Nodes in /dev.
[[0;32m  OK  [0m] Started Monitoring of LVM2 mirrors,...ng dmeventd or progress polling.
[[0;32m  OK  [0m] Started Apply Kernel Variables.
[[0;32m  OK  [0m] Started Load/Save Random Seed.
[[0;32m  OK  [0m] Started udev Coldplug all Devices.
[[0;32m  OK  [0m] Started Flush Journal to Persistent Storage.
         Starting udev Kernel Device Manager...
[[0;32m  OK  [0m] Started udev Kernel Device Manager.
[[0;32m  OK  [0m] Started Dispatch Password Requests to Console Directory Watch.
[[0;32m  OK  [0m] Reached target Local File Systems (Pre).
[[0;32m  OK  [0m] Reached target Local File Systems.
         Starting Tell Plymouth To Write Out Runtime Data...
         Starting Set console font and keymap...
         Starting LSB: AppArmor initialization...
         Starting Create Volatile Files and Directories...
         Starting Commit a transient machine-id on disk...
[[0;32m  OK  [0m] Started Tell Plymouth To Write Out Runtime Data.
[[0;32m  OK  [0m] Started Create Volatile Files and Directories.
[[0;32m  OK  [0m] Started Commit a transient machine-id on disk.
[[0;32m  OK  [0m] Found device /dev/ttyS0.
[[0;32m  OK  [0m] Reached target System Time Synchronized.
         Starting Update UTMP about System Boot/Shutdown...
[[0;32m  OK  [0m] Started Update UTMP about System Boot/Shutdown.
[   48.569225] cloud-init[458]: Cloud-init v. 17.1 running 'init-local' at Tue, 06 Mar 2018 11:59:35 +0000. Up 47.75 seconds.
[[0;32m  OK  [0m] Started Initial cloud-init job (pre-networking).
[[0;32m  OK  [0m] Started LSB: AppArmor initialization.
[[0;32m  OK  [0m] Listening on Load/Save RF Kill Switch Status /dev/rfkill Watch.
[[0;32m  OK  [0m] Reached target Network (Pre).
         Starting Raise network interfaces...
[[0;32m  OK  [0m] Started Set console font and keymap.
[[0;32m  OK  [0m] Created slice system-getty.slice.
[[0;32m  OK  [0m] Started Raise network interfaces.
[[0;32m  OK  [0m] Reached target Network.
         Starting Initial cloud-init job (metadata service crawler)...
[   52.420279] cloud-init[961]: Cloud-init v. 17.1 running 'init' at Tue, 06 Mar 2018 11:59:38 +0000. Up 51.36 seconds.
[   52.529944] cloud-init[961]: ci-info: ++++++++++++++++++++++++++++++++++++++Net device info++++++++++++++++++++++++++++++++++++++
[   52.531064] cloud-init[961]: ci-info: +--------+-------+----------------------------+---------------+-------+-------------------+
[[0;32m  OK  [0m] Started Initial cloud-init job (metadata service crawler).
[   52.531481] cloud-init[961]: ci-info: | Device |   Up  |          Address           |      Mask     | Scope |     Hw-Address    |
[   53.029088] cloud-init[961]: ci-info: +--------+-------+----------------------------+---------------+-------+-------------------+
[   53.029937] cloud-init[961]: ci-info: | enp0s3 |  True |         10.0.2.15          | 255.255.255.0 |   .   | 02:db:14:78:b4:e6 |
[[0;32m  OK  [0m] Reached target Network is Online.
[   53.030357] cloud-init[961]: ci-info: | enp0s3 |  True | fe80::db:14ff:fe78:b4e6/64 |       .       |  link | 02:db:14:78:b4:e6 |
[   53.336943] cloud-init[961]: ci-info: | enp0s8 | False |             .              |       .       |   .   | 08:00:27:75:ad:86 |
[   53.337551] cloud-init[961]: ci-info: |   lo   |  True |         127.0.0.1          |   255.0.0.0   |   .   |         .         |
         Starting iSCSI initiator daemon (iscsid)...
[   53.338164] cloud-init[961]: ci-info: |   lo   |  True |          ::1/128           |       .       |  host |         .         |
[   53.425634] cloud-init[961]: ci-info: +--------+-------+----------------------------+---------------+-------+-------------------+
[   53.426410] cloud-init[961]: ci-info: +++++++++++++++++++++++++++Route IPv4 info++++++++++++++++++++++++++++
[[0;32m  OK  [0m] Reached target System Initialization.
[   53.427328] cloud-init[961]: ci-info: +-------+-------------+----------+---------------+-----------+-------+
[   53.536226] [cloud-init[0;32m  OK  [0m[961]: ] ci-info: | Route | Destination | Gateway  |    Genmask    | Interface | Flags |Started Timer to automatically refresh installed snaps.

[   53.588695] cloud-init[961]: ci-info: +-------+-------------+----------+---------------+-----------+-------+
[   53.591178] cloud-init[961]: ci-info: |   0   |   0.0.0.0   | 10.0.2.2 |    0.0.0.0    |   enp0s3  |   UG  |
[   53.593128] cloud-init[961]: ci-info: |   1   |   10.0.2.0  | 0.0.0.0  | 255.255.255.0 |   enp0s3  |   U   |
[   53.593241] cloud-init[961]: ci-info: +-------+-------------+----------+---------------+-----------+-------+
[   53.593344] cloud-init[961]: Generating public/private rsa key pair.
[[0;32m  OK  [0m] Listening on UUID daemon activation socket.
[   53.593449] cloud-init[961]: Your identification has been saved in /etc/ssh/ssh_host_rsa_key.
[   53.965914] cloud-init[961]: Your public key has been saved in /etc/ssh/ssh_host_rsa_key.pub.
[[0;32m  OK  [0m] Started ACPI Events Check.
[   53.966693] cloud-init[961]: The key fingerprint is:
[   54.030860] cloud-init[961]: SHA256:HUzsm/yrYKcR7FcOzFlgGqrWW8iSsiRF+WhWU5AH0fE root@ubuntu-xenial
[   54.031534] cloud-init[961]: The key's randomart image is:
[[0;32m  OK  [0m] Reached target Paths.
[   54.032193] cloud-init[961]: +---[RSA 2048]----+
[   54.220774] cloud-init[961]: |  ..+Bo...+      |
[   54.221822] cloud-init[961]: | .. + oo *..     |
         Starting Socket activation for snappy daemon.
[   54.222181] cloud-init[961]: |  .+ o. E.o .    |
[   54.393203] cloud-init[961]: | .+ .= o +.+     |
         Starting LXD - unix socket.
[   54.393931] cloud-init[961]: |.oo = + S.*o.    |
[[   54.456775] cloud-init[961]: | o + . + .++     |
[   54.458143] cloud-init[961]: |  .   . = o..    |
[0;32m  OK  [0m] Started Daily apt download activities.
[[   54.459012] cloud-init[961]: |       . *  .    |
[0;32m  OK  [0m] Started Daily apt upgrade and clean activities.
[   54.589837] cloud-init[961]: |        . ....   |
[   54.685277] cloud-init[961]: +----[SHA256]-----+
[   54.686148] cloud-init[961]: Generating public/private dsa key pair.
[[0;32m  OK  [0m] Started Daily Cleanup of Temporary Directories.
[   54.686665] cloud-init[961]: Your identification has been saved in /etc/ssh/ssh_host_dsa_key.
[   54.814477] cloud-init[961]: Your public key has been saved in /etc/ssh/ssh_host_dsa_key.pub.
[[0;32m  OK  [0m] Reached target Timers.
[   54.814860] cloud-init[961]: The key fingerprint is:
[   55.321454] cloud-init[961]: SHA256:IfXpFzSrx/VIkDGPF/BHJ6uP2Snidn1rUo22NXDeoRU root@ubuntu-xenial
[[0;32m  OK  [0m] Listening on ACPID Listen Socket.
[   55.321907] cloud-init[961]: The key's randomart image is:
[[0;32m  OK  [0m] [   55.477885] Listening on D-Bus System Message Bus Socket.cloud-init
[961]: +---[DSA 1024]----+
[   55.583490] cloud-init[961]: |        .   B+o o|
[   55.584323] cloud-init[961]: |       . . o.O E.|
[[0;32m  OK  [0m] Reached target Cloud-config availability.
[   55.584886] cloud-init[961]: |      . . o + B o|
[   55.720671] cloud-init[961]: |       . o o B B |
[   55.721422] cloud-init[961]: |        S o = B.=|
[[0;32m  OK  [0m] Listening on Socket activation for snappy daemon.
[   55.721896] cloud-init[961]: |           o *o=+|
[[0;32m  OK  [0m] Listening on LXD - unix socket.
[   55.839489] cloud-init[961]: |          . +o=o.|
[   55.916782] cloud-init[961]: |         ....oo..|
[   55.917429] cloud-init[961]: |         ...  oo.|
[[0;32m  OK  [0m] Started iSCSI initiator daemon (iscsid).
[   55.918044] cloud-init[961]: +----[SHA256]-----+
[   55.984792] cloud-init[961]: Generating public/private ecdsa key pair.
[   56.013426] cloud-init[961]: Your identification has been saved in /etc/ssh/ssh_host_ecdsa_key.
[   56.069797] cloud-init[961]: Your public key has been saved in /etc/ssh/ssh_host_ecdsa_key.pub.
         Starting Login to default iSCSI targets...
[[0;32m  OK  [0m] Reached target Sockets.
[   56.111243] cloud-init[961]: The key fingerprint is:
[   56.209487] cloud-init[961]: SHA256:p1Sno4WgmPz9iEZRWz3hDaSyzhKK55M5p7BTPrlCIDY root@ubuntu-xenial
[   56.268331] [cloud-init[0;32m  OK  [0m[961]: ] The key's randomart image is:Reached target Basic System.

[   56.333683]          cloud-initStarting /etc/rc.local Compatibility...[961]: 
+---[ECDSA 256]---+
[   56.392385]          cloud-initStarting Accounts Service...[961]: 
|         o+.     |
[   56.420712]          cloud-initStarting Apply the settings specified in cloud-config...[961]: 
|      . .ooo     |
[   56.422053] cloud-init[961]: |     .oo. o.o    |
[   56.616838] [cloud-init[0;32m  OK  [0m[961]: ] |oE o...+ o o     |Started FUSE filesystem for LXC.

[   56.664796]          cloud-initStarting LSB: MD monitoring daemon...[961]: 
|+ = o.. S =      |
         Starting Login Service...
[   56.704621] cloud-init[961]: | o.o.= . = .     |
[[0;32m  OK  [0m] Started D-Bus System Message Bus.
[   56.735653] cloud-init[961]: |+oo=o + o        |
[   56.741185] cloud-init[961]: |o=O oo o         |
[   56.753802] cloud-init[961]: |.o+O. . .        |
[   56.761882] cloud-init[961]: +----[SHA256]-----+
[   56.776657] cloud-init[961]: Generating public/private ed25519 key pair.
[   56.795049] cloud-init[961]: Your identification has been saved in /etc/ssh/ssh_host_ed25519_key.
[[0;32m  OK  [0m] Started ACPI event daemon.
[   56.834085] cloud-init[961]: Your public key has been saved in /etc/ssh/ssh_host_ed25519_key.pub.
         Starting LSB: Record successful boot for GRUB...
[   56.870865] [cloud-init[0;32m  OK  [0m[961]: ] The key fingerprint is:Started Unattended Upgrades Shutdown.

         Starting Pollinate to seed the pseudo random number generator...
[   56.932477] cloud-init[961]: SHA256:ibVjk/E357J3R11QPJINgOtaSzKNIawTgrhve5CA6Ls root@ubuntu-xenial
[   56.991069] cloud-init[961]: The key's randomart image is:
[   57.060760] cloud-init[961]: +--[ED25519 256]--+
[[0;32m  OK  [0m] Started Deferred execution scheduler.
[   57.062155] cloud-init[961]: |          ....+o.|
[   57.169626] cloud-init[961]: |         .   o.o.|
[   57.204292] cloud-init[961]: |=   .   o .   ...|
[[0;32m  OK  [0m] Started Regular background program processing daemon.
[   57.206690] cloud-init[961]: |*. . o + B      .|
[   57.261540] cloud-init[961]: |.o..o o S . o . o|
[   57.276937]          cloud-initStarting Snappy daemon...[961]: 
|..oo   = B . +  o|
[   57.337005]          cloud-initStarting System Logging Service...[961]: 
| ....   * . . .. |
[   57.377828] cloud-init[961]: | .o .  . .   o. o|
         Starting LXD - container startup/shutdown...
[   57.383538] cloud-init[961]: | Eoo        .. ..|
[[0;32m  OK  [0m] Started System Logging Service.
[   57.451977] cloud-init[961]: +----[SHA256]-----+
[[0;32m  OK  [0m] Started /etc/rc.local Compatibility.
[[0;32m  OK  [0m] Started Pollinate to seed the pseudo random number generator.
[[0;32m  OK  [0m] Started LXD - container startup/shutdown.
[[0;32m  OK  [0m] Started Snappy daemon.
[   57.737231] cloud-init[1071]: Generating locales (this might take a while)...
[[0;32m  OK  [0m] Started Login to default iSCSI targets.
[[0;32m  OK  [0m] Started LSB: MD monitoring daemon.
[[0;32m  OK  [0m] Started LSB: Record successful boot for GRUB.
[[0;32m  OK  [0m] Started Login Service.
         Starting Authenticate and Authorize Users to Run Privileged Tasks...
[[0;32m  OK  [0m] Reached target Remote File Systems (Pre).
[[0;32m  OK  [0m] Reached target Remote File Systems.
         Starting LSB: VirtualBox Linux Additions...
         Starting LSB: Set the CPU Frequency Scaling governor to "ondemand"...
         Starting Permit User Sessions...
         Starting LSB: daemon to balance interrupts for SMP systems...
         Starting LSB: automatic crash report generation...
         Starting OpenBSD Secure Shell server...
[[0;32m  OK  [0m] Started Permit User Sessions.
[[0;32m  OK  [0m] Started Authenticate and Authorize Users to Run Privileged Tasks.
[[0;32m  OK  [0m] Started OpenBSD Secure Shell server.
[[0;32m  OK  [0m] Started Accounts Service.
[[0;32m  OK  [0m] Started LSB: Set the CPU Frequency Scaling governor to "ondemand".
[[0;32m  OK  [0m] Started LSB: VirtualBox Linux Additions.
[[0;32m  OK  [0m] Created slice User Slice of vagrant.
         Starting User Manager for UID 1000...
         Starting Terminate Plymouth Boot Screen...
         Starting Hold until boot process finishes up...
[[0;32m  OK  [0m] Started User Manager for UID 1000.
[[0;32m  OK  [0m] Started LSB: daemon to balance interrupts for SMP systems.
[[0;32m  OK  [0m] Started LSB: automatic crash report generation.
[[0;32m  OK  [0m] Started Terminate Plymouth Boot Screen.
[[0;32m  OK  [0m] Started Hold until boot process finishes up.
[[0;32m  OK  [0m] Started Session 1 of user vagrant.
         Starting Set console scheme...
[[0;32m  OK  [0m] Started Serial Getty on ttyS0.
[   59.247394] cloud-init[1071]:   en_US.UTF-8... done
[   59.296622] cloud-init[1071]: Generation complete.
[[0;32m  OK  [0m] Started Getty on tty1.
[[0;32m  OK  [0m] Reached target Login Prompts.
[[0;32m  OK  [0m] Reached target Multi-User System.
[[0;32m  OK  [0m] Reached target Graphical Interface.
         Starting Update UTMP about System Runlevel Changes...
[[0;32m  OK  [0m] Started Set console scheme.
[[0;32m  OK  [0m] Started Update UTMP about System Runlevel Changes.
[   59.842772] cloud-init[1071]: Cloud-init v. 17.1 running 'modules:config' at Tue, 06 Mar 2018 11:59:44 +0000. Up 57.26 seconds.
[[0;32m  OK  [0m] Started Apply the settings specified in cloud-config.
         Starting Execute cloud user/final scripts...
ci-info: no authorized ssh keys fingerprints found for user ubuntu.
<14>Mar  6 11:59:48 ec2: 
<14>Mar  6 11:59:48 ec2: #############################################################
<14>Mar  6 11:59:48 ec2: -----BEGIN SSH HOST KEY FINGERPRINTS-----
<14>Mar  6 11:59:48 ec2: 1024 SHA256:IfXpFzSrx/VIkDGPF/BHJ6uP2Snidn1rUo22NXDeoRU root@ubuntu-xenial (DSA)
<14>Mar  6 11:59:48 ec2: 256 SHA256:p1Sno4WgmPz9iEZRWz3hDaSyzhKK55M5p7BTPrlCIDY root@ubuntu-xenial (ECDSA)
<14>Mar  6 11:59:48 ec2: 256 SHA256:ibVjk/E357J3R11QPJINgOtaSzKNIawTgrhve5CA6Ls root@ubuntu-xenial (ED25519)
<14>Mar  6 11:59:48 ec2: 2048 SHA256:HUzsm/yrYKcR7FcOzFlgGqrWW8iSsiRF+WhWU5AH0fE root@ubuntu-xenial (RSA)
<14>Mar  6 11:59:48 ec2: -----END SSH HOST KEY FINGERPRINTS-----
<14>Mar  6 11:59:48 ec2: #############################################################
-----BEGIN SSH HOST KEY KEYS-----
ecdsa-sha2-nistp256 AAAAE2VjZHNhLXNoYTItbmlzdHAyNTYAAAAIbmlzdHAyNTYAAABBBO5QohM+n83CWHtGpRJb8rMAFAA8VL0n+kxv0wj1rAtC/FQx/5CQo7my8soxGI2wH4m5ezafuIKk8uTznY3zD3U= root@ubuntu-xenial
ssh-ed25519 AAAAC3NzaC1lZDI1NTE5AAAAIGhJH9qilYDDHOUYWShGHc5qKlPVgN9DDMXuwPBPnTcv root@ubuntu-xenial
ssh-rsa AAAAB3NzaC1yc2EAAAADAQABAAABAQDh8Z5uje98gBKWGpF5k5k55f/YslYfo7p7PihpAYIcEfsPzctWxR+tG20eAxZycGLJS7/c2X4xpm1QIOrQiNnEYvFzzeidCfMlQOB+8Kc1nryupsCzJUKbMk6Ngpr1HVxHf055D75ZzyTdnULP9UikVRXuCOdfu5ukIs1dWGt9PtcF6mHE6IjUeHggV3rBnIujWJPeYvcAGK9FSGM9hFHKoP1aAG1hLxs88PJw0iDvpRktx92VCIYbVJgKD8lLNivXDBeHFevD+nxd+fKVzLYyX7RLFRGrwezRX/HkYVZ92QNseVaQOscEBu79ltNY93Ua+Q1nId1oZMJE0E3Rgl8R root@ubuntu-xenial
-----END SSH HOST KEY KEYS-----
[   61.143901] cloud-init[1392]: Cloud-init v. 17.1 running 'modules:final' at Tue, 06 Mar 2018 11:59:47 +0000. Up 60.47 seconds.
[   61.182817] cloud-init[1392]: ci-info: no authorized ssh keys fingerprints found for user ubuntu.
[[   61.228929] cloud-init[1392]: Cloud-init v. 17.1 finished at Tue, 06 Mar 2018 11:59:48 +0000. Datasource DataSourceNoCloud [seed=/dev/sdb][dsmode=net].  Up 61.13 seconds
[0;32m  OK  [0m] Started Execute cloud user/final scripts.
         Stopping User Manager for UID 1000...
[[0;32m  OK  [0m] Reached target Cloud-init target.
[[0;32m  OK  [0m] Stopped User Manager for UID 1000.
[[0;32m  OK  [0m] Removed slice User Slice of vagrant.

Ubuntu 16.04.3 LTS ubuntu-xenial ttyS0

ubuntu-xenial login: 